Extracting BOMs for 733 Cirrus Coir codes against the HCF ledger (2 months)...

[2026-05-hcf] parsing 3 - FG HCF May'26.xlsx + 1 - SFG HCF May'26.xlsx...
  FG sheet: 19,361 rows scanned in 3s (5,918 rows/s) — done
[2026-05-hcf] parsed in 3.8s — 450/733 codes matched

[2026-06-hcf] parsing 3 - FG HCF June'26.xlsx + 1 - SFG HCF June'26.xlsx...
  FG sheet: 19,199 rows scanned in 3s (5,806 rows/s) — done
[2026-06-hcf] parsed in 3.4s — 450/733 codes matched

======================================================================
FINAL COVERAGE — 450/733 Coir codes matched in the HCF ledger

Never found in either HCF month (283):
  CIRBOPLDGR72X30X04 (Cirrus Coir 2 Bond Plus Regular 72x30 4")
  CIRBOPLDGR72X36X04 (Cirrus Coir 2 Bond Plus Regular 72x36 4")
  CIRBOPLDGR72X42X04 (Cirrus Coir 2 Bond Plus Regular 72x42 4")
  CIRBOPLDGR72X48X04 (Cirrus Coir 2 Bond Plus Regular 72x48 4")
  CIRBOPLDGR72X54X04 (Cirrus Coir 2 Bond Plus Regular 72x54 4")
  CIRBOPLDGR72X60X04 (Cirrus Coir 2 Bond Plus Regular 72x60 4")
  CIRBOPLDGR72X66X04 (Cirrus Coir 2 Bond Plus Regular 72x66 4")
  CIRBOPLDGR72X72X04 (Cirrus Coir 2 Bond Plus Regular 72x72 4")
  CIRBOPLDGR72X84X04 (Cirrus Coir 2 Bond Plus Regular 72x84 4")
  CIRBOPLDGR75X30X04 (Cirrus Coir 2 Bond Plus Regular 75x30 4")
  CIRBOPLDGR75X36X04 (Cirrus Coir 2 Bond Plus Regular 75x36 4")
  CIRBOPLDGR75X42X04 (Cirrus Coir 2 Bond Plus Regular 75x42 4")
  CIRBOPLDGR75X48X04 (Cirrus Coir 2 Bond Plus Regular 75x48 4")
  CIRBOPLDGR75X54X04 (Cirrus Coir 2 Bond Plus Regular 75x54 4")
  CIRBOPLDGR75X60X04 (Cirrus Coir 2 Bond Plus Regular 75x60 4")
  CIRBOPLDGR75X66X04 (Cirrus Coir 2 Bond Plus Regular 75x66 4")
  CIRBOPLDGR75X72X04 (Cirrus Coir 2 Bond Plus Regular 75x72 4")
  CIRBOPLDGR78X30X04 (Cirrus Coir 2 Bond Plus Regular 78x30 4")
  CIRBOPLDGR78X36X04 (Cirrus Coir 2 Bond Plus Regular 78x36 4")
  CIRBOPLDGR78X42X04 (Cirrus Coir 2 Bond Plus Regular 78x42 4")
  CIRBOPLDGR78X48X04 (Cirrus Coir 2 Bond Plus Regular 78x48 4")
  CIRBOPLDGR78X54X04 (Cirrus Coir 2 Bond Plus Regular 78x54 4")
  CIRBOPLDGR78X60X04 (Cirrus Coir 2 Bond Plus Regular 78x60 4")
  CIRBOPLDGR78X66X04 (Cirrus Coir 2 Bond Plus Regular 78x66 4")
  CIRBOPLDGR78X72X04 (Cirrus Coir 2 Bond Plus Regular 78x72 4")
  CIRBOPLDGR80X60X04 (Cirrus Coir 2 Bond Plus Regular 80x60 4")
  CIRBOPLDGR84X60X04 (Cirrus Coir 2 Bond Plus Regular 84x60 4")
  CIRBOPLDGR84X72X04 (Cirrus Coir 2 Bond Plus Regular 84x72 4")
  CIRBOPLGN80X48X06 (Cirrus Coir 2 Bond Plus Regular 80x48 6")
  CIRBOPLGN80X60X06 (Cirrus Coir 2 Bond Plus Regular 80x60 6")
  CIRBOPLGN80X66X06 (Cirrus Coir 2 Bond Plus Regular 80x66 6")
  CIRBOPLGN80X72X06 (Cirrus Coir 2 Bond Plus Regular 80x72 6")
  CIRBOPLGN84X36X06 (Cirrus Coir 2 Bond Plus Regular 84x36 6")
  CIRBOPLGN84X48X06 (Cirrus Coir 2 Bond Plus Regular 84x48 6")
  CIRBOPLGN84X60X06 (Cirrus Coir 2 Bond Plus Regular 84x60 6")
  CIRBOPLGN84X72X06 (Cirrus Coir 2 Bond Plus Regular 84x72 6")
  CIRBOPLGN84X72X08 (Cirrus Coir 2 Bond Plus Regular 84x72 8")
  CIRBOPLGR72X30X05 (Cirrus Coir 2 Bond Plus Regular 72x30 5")
  CIRBOPLGR84X42X06 (Cirrus Coir 2 Bond Plus Regular 84x42 6")
  CIRBOPLGR84X66X06 (Cirrus Coir 2 Bond Plus Regular 84x66 6")
  CIRBOPLGR84X66X08 (Cirrus Coir 2 Bond Plus Regular 84x66 8")
  CIRBOPLLGR80X36X05 (Cirrus Coir 2 Bond Plus Regular 80x36 5")
  CIRBOPLLGR80X48X05 (Cirrus Coir 2 Bond Plus Regular 80x48 5")
  CIRBOPLLGR80X60X05 (Cirrus Coir 2 Bond Plus Regular 80x60 5")
  CIRBOPLLGR80X72X05 (Cirrus Coir 2 Bond Plus Regular 80x72 5")
  CIRBOPLLGR84X36X05 (Cirrus Coir 2 Bond Plus Regular 84x36 5")
  CIRBOPLLGR84X48X05 (Cirrus Coir 2 Bond Plus Regular 84x48 5")
  CIRBOPLLGR84X60X05 (Cirrus Coir 2 Bond Plus Regular 84x60 5")
  CIRBOPLLGR84X66X05 (Cirrus Coir 2 Bond Plus Regular 84x66 5")
  CIRBOPLLGR84X72X05 (Cirrus Coir 2 Bond Plus Regular 84x72 5")
  CIRBOPLMFPDBL84X60X06 (Cirrus Coir 2 Bond Plus MF Patented 84x60 6")
  CIRBOPLMFPDGN84X48X05 (Cirrus Coir 2 Bond Plus MF Patented 84x48 5")
  CIRBOPLSMR84X36X04 (Cirrus Coir 2 Bond Plus Regular 84x36 4")
  CIRCFPLBL72X30X05 (Cirrus Coir 3 Comfort Plush 72x30 5")
  CIRCFPLBL72X36X05 (Cirrus Coir 3 Comfort Plush 72x36 5")
  CIRCFPLBL72X42X05 (Cirrus Coir 3 Comfort Plush 72x42 5")
  CIRCFPLBL72X48X05 (Cirrus Coir 3 Comfort Plush 72x48 5")
  CIRCFPLBL72X54X05 (Cirrus Coir 3 Comfort Plush 72x54 5")
  CIRCFPLBL72X60X05 (Cirrus Coir 3 Comfort Plush 72x60 5")
  CIRCFPLBL72X66X05 (Cirrus Coir 3 Comfort Plush 72x66 5")
  CIRCFPLBL72X72X05 (Cirrus Coir 3 Comfort Plush 72x72 5")
  CIRCFPLBL75X30X05 (Cirrus Coir 3 Comfort Plush 75x30 5")
  CIRCFPLBL75X36X05 (Cirrus Coir 3 Comfort Plush 75x36 5")
  CIRCFPLBL75X42X05 (Cirrus Coir 3 Comfort Plush 75x42 5")
  CIRCFPLBL75X48X05 (Cirrus Coir 3 Comfort Plush 75x48 5")
  CIRCFPLBL75X54X05 (Cirrus Coir 3 Comfort Plush 75x54 5")
  CIRCFPLBL75X60X05 (Cirrus Coir 3 Comfort Plush 75x60 5")
  CIRCFPLBL75X66X05 (Cirrus Coir 3 Comfort Plush 75x66 5")
  CIRCFPLBL75X72X05 (Cirrus Coir 3 Comfort Plush 75x72 5")
  CIRCFPLBL78X30X05 (Cirrus Coir 3 Comfort Plush 78x30 5")
  CIRCFPLBL78X36X05 (Cirrus Coir 3 Comfort Plush 78x36 5")
  CIRCFPLBL78X42X05 (Cirrus Coir 3 Comfort Plush 78x42 5")
  CIRCFPLBL78X48X05 (Cirrus Coir 3 Comfort Plush 78x48 5")
  CIRCFPLBL78X54X05 (Cirrus Coir 3 Comfort Plush 78x54 5")
  CIRCFPLBL78X60X05 (Cirrus Coir 3 Comfort Plush 78x60 5")
  CIRCFPLBL78X66X05 (Cirrus Coir 3 Comfort Plush 78x66 5")
  CIRCFPLBL78X72X05 (Cirrus Coir 3 Comfort Plush 78x72 5")
  CIRCFPLMR84X48X06 (Cirrus Coir 3 Comfort Plush 84x48 6")
  CIRCFPLMR84X72X05 (Cirrus Coir 3 Comfort Plush 84x72 5")
  CIRCOCLPLBBL72X30X04 (Cirrus Coir 1 Cloud Plus 72x30 4")
  CIRCOCLPLBBL72X30X05 (Cirrus Coir 1 Cloud Plus 72x30 5")
  CIRCOCLPLBBL72X30X06 (Cirrus Coir 1 Cloud Plus 72x30 6")
  CIRCOCLPLBBL72X36X04 (Cirrus Coir 1 Cloud Plus 72x36 4")
  CIRCOCLPLBBL72X36X05 (Cirrus Coir 1 Cloud Plus 72x36 5")
  CIRCOCLPLBBL72X36X06 (Cirrus Coir 1 Cloud Plus 72x36 6")
  CIRCOCLPLBBL72X42X04 (Cirrus Coir 1 Cloud Plus 72x42 4")
  CIRCOCLPLBBL72X42X05 (Cirrus Coir 1 Cloud Plus 72x42 5")
  CIRCOCLPLBBL72X42X06 (Cirrus Coir 1 Cloud Plus 72x42 6")
  CIRCOCLPLBBL72X48X04 (Cirrus Coir 1 Cloud Plus 72x48 4")
  CIRCOCLPLBBL72X48X05 (Cirrus Coir 1 Cloud Plus 72x48 5")
  CIRCOCLPLBBL72X48X06 (Cirrus Coir 1 Cloud Plus 72x48 6")
  CIRCOCLPLBBL72X54X04 (Cirrus Coir 1 Cloud Plus 72x54 4")
  CIRCOCLPLBBL72X54X05 (Cirrus Coir 1 Cloud Plus 72x54 5")
  CIRCOCLPLBBL72X54X06 (Cirrus Coir 1 Cloud Plus 72x54 6")
  CIRCOCLPLBBL72X60X04 (Cirrus Coir 1 Cloud Plus 72x60 4")
  CIRCOCLPLBBL72X60X05 (Cirrus Coir 1 Cloud Plus 72x60 5")
  CIRCOCLPLBBL72X60X06 (Cirrus Coir 1 Cloud Plus 72x60 6")
  CIRCOCLPLBBL72X66X04 (Cirrus Coir 1 Cloud Plus 72x66 4")
  CIRCOCLPLBBL72X66X05 (Cirrus Coir 1 Cloud Plus 72x66 5")
  CIRCOCLPLBBL72X66X06 (Cirrus Coir 1 Cloud Plus 72x66 6")
  CIRCOCLPLBBL72X72X04 (Cirrus Coir 1 Cloud Plus 72x72 4")
  CIRCOCLPLBBL72X72X05 (Cirrus Coir 1 Cloud Plus 72x72 5")
  CIRCOCLPLBBL72X72X06 (Cirrus Coir 1 Cloud Plus 72x72 6")
  CIRCOCLPLBBL72X84X04 (Cirrus Coir 1 Cloud Plus 72x84 4")
  CIRCOCLPLBBL72X84X05 (Cirrus Coir 1 Cloud Plus 72x84 5")
  CIRCOCLPLBBL72X84X06 (Cirrus Coir 1 Cloud Plus 72x84 6")
  CIRCOCLPLBBL75X30X04 (Cirrus Coir 1 Cloud Plus 75x30 4")
  CIRCOCLPLBBL75X30X05 (Cirrus Coir 1 Cloud Plus 75x30 5")
  CIRCOCLPLBBL75X30X06 (Cirrus Coir 1 Cloud Plus 75x30 6")
  CIRCOCLPLBBL75X36X04 (Cirrus Coir 1 Cloud Plus 75x36 4")
  CIRCOCLPLBBL75X36X05 (Cirrus Coir 1 Cloud Plus 75x36 5")
  CIRCOCLPLBBL75X36X06 (Cirrus Coir 1 Cloud Plus 75x36 6")
  CIRCOCLPLBBL75X42X04 (Cirrus Coir 1 Cloud Plus 75x42 4")
  CIRCOCLPLBBL75X42X05 (Cirrus Coir 1 Cloud Plus 75x42 5")
  CIRCOCLPLBBL75X42X06 (Cirrus Coir 1 Cloud Plus 75x42 6")
  CIRCOCLPLBBL75X48X04 (Cirrus Coir 1 Cloud Plus 75x48 4")
  CIRCOCLPLBBL75X48X05 (Cirrus Coir 1 Cloud Plus 75x48 5")
  CIRCOCLPLBBL75X48X06 (Cirrus Coir 1 Cloud Plus 75x48 6")
  CIRCOCLPLBBL75X54X04 (Cirrus Coir 1 Cloud Plus 75x54 4")
  CIRCOCLPLBBL75X54X05 (Cirrus Coir 1 Cloud Plus 75x54 5")
  CIRCOCLPLBBL75X54X06 (Cirrus Coir 1 Cloud Plus 75x54 6")
  CIRCOCLPLBBL75X60X04 (Cirrus Coir 1 Cloud Plus 75x60 4")
  CIRCOCLPLBBL75X60X05 (Cirrus Coir 1 Cloud Plus 75x60 5")
  CIRCOCLPLBBL75X60X06 (Cirrus Coir 1 Cloud Plus 75x60 6")
  CIRCOCLPLBBL75X66X04 (Cirrus Coir 1 Cloud Plus 75x66 4")
  CIRCOCLPLBBL75X66X05 (Cirrus Coir 1 Cloud Plus 75x66 5")
  CIRCOCLPLBBL75X66X06 (Cirrus Coir 1 Cloud Plus 75x66 6")
  CIRCOCLPLBBL75X72X04 (Cirrus Coir 1 Cloud Plus 75x72 4")
  CIRCOCLPLBBL75X72X05 (Cirrus Coir 1 Cloud Plus 75x72 5")
  CIRCOCLPLBBL75X72X06 (Cirrus Coir 1 Cloud Plus 75x72 6")
  CIRCOCLPLBBL75X84X04 (Cirrus Coir 1 Cloud Plus 75x84 4")
  CIRCOCLPLBBL75X84X05 (Cirrus Coir 1 Cloud Plus 75x84 5")
  CIRCOCLPLBBL75X84X06 (Cirrus Coir 1 Cloud Plus 75x84 6")
  CIRCOCLPLBBL78X30X04 (Cirrus Coir 1 Cloud Plus 78x30 4")
  CIRCOCLPLBBL78X30X05 (Cirrus Coir 1 Cloud Plus 78x30 5")
  CIRCOCLPLBBL78X30X06 (Cirrus Coir 1 Cloud Plus 78x30 6")
  CIRCOCLPLBBL78X36X04 (Cirrus Coir 1 Cloud Plus 78x36 4")
  CIRCOCLPLBBL78X36X05 (Cirrus Coir 1 Cloud Plus 78x36 5")
  CIRCOCLPLBBL78X36X06 (Cirrus Coir 1 Cloud Plus 78x36 6")
  CIRCOCLPLBBL78X42X04 (Cirrus Coir 1 Cloud Plus 78x42 4")
  CIRCOCLPLBBL78X42X05 (Cirrus Coir 1 Cloud Plus 78x42 5")
  CIRCOCLPLBBL78X42X06 (Cirrus Coir 1 Cloud Plus 78x42 6")
  CIRCOCLPLBBL78X48X04 (Cirrus Coir 1 Cloud Plus 78x48 4")
  CIRCOCLPLBBL78X48X05 (Cirrus Coir 1 Cloud Plus 78x48 5")
  CIRCOCLPLBBL78X48X06 (Cirrus Coir 1 Cloud Plus 78x48 6")
  CIRCOCLPLBBL78X54X04 (Cirrus Coir 1 Cloud Plus 78x54 4")
  CIRCOCLPLBBL78X54X05 (Cirrus Coir 1 Cloud Plus 78x54 5")
  CIRCOCLPLBBL78X54X06 (Cirrus Coir 1 Cloud Plus 78x54 6")
  CIRCOCLPLBBL78X60X04 (Cirrus Coir 1 Cloud Plus 78x60 4")
  CIRCOCLPLBBL78X60X05 (Cirrus Coir 1 Cloud Plus 78x60 5")
  CIRCOCLPLBBL78X60X06 (Cirrus Coir 1 Cloud Plus 78x60 6")
  CIRCOCLPLBBL78X66X04 (Cirrus Coir 1 Cloud Plus 78x66 4")
  CIRCOCLPLBBL78X66X05 (Cirrus Coir 1 Cloud Plus 78x66 5")
  CIRCOCLPLBBL78X66X06 (Cirrus Coir 1 Cloud Plus 78x66 6")
  CIRCOCLPLBBL78X72X04 (Cirrus Coir 1 Cloud Plus 78x72 4")
  CIRCOCLPLBBL78X72X05 (Cirrus Coir 1 Cloud Plus 78x72 5")
  CIRCOCLPLBBL78X72X06 (Cirrus Coir 1 Cloud Plus 78x72 6")
  CIRCOCLPLBBL78X84X04 (Cirrus Coir 1 Cloud Plus 78x84 4")
  CIRCOCLPLBBL78X84X05 (Cirrus Coir 1 Cloud Plus 78x84 5")
  CIRCOCLPLBBL78X84X06 (Cirrus Coir 1 Cloud Plus 78x84 6")
  CIRCOCLPLBG84X36X04 (Cirrus Coir 1 Cloud Plus 84x36 4")
  CIRCOCLPLBG84X36X05 (Cirrus Coir 1 Cloud Plus 84x36 5")
  CIRCOCLPLBG84X48X05 (Cirrus Coir 1 Cloud Plus 84x48 5")
  CIRCOCLPLBG84X60X04 (Cirrus Coir 1 Cloud Plus 84x60 4")
  CIRCOCLPLBG84X60X05 (Cirrus Coir 1 Cloud Plus 84x60 5")
  CIRCOCLPLBG84X60X06 (Cirrus Coir 1 Cloud Plus 84x60 6")
  CIRCOCLPLBG84X72X04 (Cirrus Coir 1 Cloud Plus 84x72 4")
  CIRCOCLPLBG84X72X05 (Cirrus Coir 1 Cloud Plus 84x72 5")
  CIRCOCLPLBG84X72X06 (Cirrus Coir 1 Cloud Plus 84x72 6")
  CIRCOCLPLLGR84X48X04 (Cirrus Coir 1 Cloud Plus 84x48 4")
  CIRLUXMFBG84X60X08 (Cirrus Coir 3 Luxury Memory 84x60 8")
  CIRLUXPLETCR80X30X06 (Cirrus Coir 3 Luxury Plush ET 80x30 6")
  CIRNECOBL72X30X04 (Cirrus Coir 1 New Eco 72x30 4")
  CIRNECOBL72X36X04 (Cirrus Coir 1 New Eco 72x36 4")
  CIRNECOBL72X42X04 (Cirrus Coir 1 New Eco 72x42 4")
  CIRNECOBL72X48X04 (Cirrus Coir 1 New Eco 72x48 4")
  CIRNECOBL72X54X04 (Cirrus Coir 1 New Eco 72x54 4")
  CIRNECOBL72X60X04 (Cirrus Coir 1 New Eco 72x60 4")
  CIRNECOBL72X66X04 (Cirrus Coir 1 New Eco 72x66 4")
  CIRNECOBL72X72X04 (Cirrus Coir 1 New Eco 72x72 4")
  CIRNECOBL75X30X04 (Cirrus Coir 1 New Eco 75x30 4")
  CIRNECOBL75X36X04 (Cirrus Coir 1 New Eco 75x36 4")
  CIRNECOBL75X42X04 (Cirrus Coir 1 New Eco 75x42 4")
  CIRNECOBL75X48X04 (Cirrus Coir 1 New Eco 75x48 4")
  CIRNECOBL75X54X04 (Cirrus Coir 1 New Eco 75x54 4")
  CIRNECOBL75X60X04 (Cirrus Coir 1 New Eco 75x60 4")
  CIRNECOBL75X66X04 (Cirrus Coir 1 New Eco 75x66 4")
  CIRNECOBL75X72X04 (Cirrus Coir 1 New Eco 75x72 4")
  CIRNECOBL78X30X04 (Cirrus Coir 1 New Eco 78x30 4")
  CIRNECOBL78X36X04 (Cirrus Coir 1 New Eco 78x36 4")
  CIRNECOBL78X42X04 (Cirrus Coir 1 New Eco 78x42 4")
  CIRNECOBL78X48X04 (Cirrus Coir 1 New Eco 78x48 4")
  CIRNECOBL78X54X04 (Cirrus Coir 1 New Eco 78x54 4")
  CIRNECOBL78X60X04 (Cirrus Coir 1 New Eco 78x60 4")
  CIRNECOBL78X66X04 (Cirrus Coir 1 New Eco 78x66 4")
  CIRNECOBL78X72X04 (Cirrus Coir 1 New Eco 78x72 4")
  CIRNECOBL84X48X04 (Cirrus Coir 1 New Eco 84x48 4")
  CIRNIMBBL72X30X06 (Cirrus Coir 1 Nimbo 72x30 6")
  CIRNIMBBL72X36X06 (Cirrus Coir 1 Nimbo 72x36 6")
  CIRNIMBBL72X42X06 (Cirrus Coir 1 Nimbo 72x42 6")
  CIRNIMBBL72X48X06 (Cirrus Coir 1 Nimbo 72x48 6")
  CIRNIMBBL72X54X06 (Cirrus Coir 1 Nimbo 72x54 6")
  CIRNIMBBL72X60X06 (Cirrus Coir 1 Nimbo 72x60 6")
  CIRNIMBBL72X66X06 (Cirrus Coir 1 Nimbo 72x66 6")
  CIRNIMBBL72X72X06 (Cirrus Coir 1 Nimbo 72x72 6")
  CIRNIMBBL75X30X06 (Cirrus Coir 1 Nimbo 75x30 6")
  CIRNIMBBL75X36X06 (Cirrus Coir 1 Nimbo 75x36 6")
  CIRNIMBBL75X42X06 (Cirrus Coir 1 Nimbo 75x42 6")
  CIRNIMBBL75X48X06 (Cirrus Coir 1 Nimbo 75x48 6")
  CIRNIMBBL75X54X06 (Cirrus Coir 1 Nimbo 75x54 6")
  CIRNIMBBL75X60X06 (Cirrus Coir 1 Nimbo 75x60 6")
  CIRNIMBBL75X66X06 (Cirrus Coir 1 Nimbo 75x66 6")
  CIRNIMBBL75X72X06 (Cirrus Coir 1 Nimbo 75x72 6")
  CIRNIMBBL78X30X06 (Cirrus Coir 1 Nimbo 78x30 6")
  CIRNIMBBL78X36X06 (Cirrus Coir 1 Nimbo 78x36 6")
  CIRNIMBBL78X42X06 (Cirrus Coir 1 Nimbo 78x42 6")
  CIRNIMBBL78X48X06 (Cirrus Coir 1 Nimbo 78x48 6")
  CIRNIMBBL78X54X06 (Cirrus Coir 1 Nimbo 78x54 6")
  CIRNIMBBL78X60X06 (Cirrus Coir 1 Nimbo 78x60 6")
  CIRNIMBBL78X66X06 (Cirrus Coir 1 Nimbo 78x66 6")
  CIRNIMBBL78X72X06 (Cirrus Coir 1 Nimbo 78x72 6")
  CIRNIMBBL84X72X04 (Cirrus Coir 1 Nimbo 84x72 4")
  CIRNIMBBW84X66X04 (Cirrus Coir 1 Nimbo 84x66 4")
  CIRNIMBGN84X60X04 (Cirrus Coir 1 Nimbo 84x60 4")
  CIRNIMBMR72X84X05 (Cirrus Coir 1 Nimbo 72x84 5")
  CIRNIMBMR75X84X05 (Cirrus Coir 1 Nimbo 75x84 5")
  CIRNIMBMR75X84X06 (Cirrus Coir 1 Nimbo 75x84 6")
  CIRNIMBMR78X84X05 (Cirrus Coir 1 Nimbo 78x84 5")
  CIRNIMBMR80X66X06 (Cirrus Coir 1 Nimbo 80x66 6")
  CIRNIMBMR84X48X06 (Cirrus Coir 1 Nimbo 84x48 6")
  CIRNIMBMR84X60X05 (Cirrus Coir 1 Nimbo 84x60 5")
  CIRNIMBMR84X72X05 (Cirrus Coir 1 Nimbo 84x72 5")
  CIRNIMBPL72X30X05 (Cirrus Coir 1 Nimbo Plus 72x30 5")
  CIRNIMBPL72X30X06 (Cirrus Coir 1 Nimbo Plus 72x30 6")
  CIRNIMBPL72X36X05 (Cirrus Coir 1 Nimbo Plus 72x36 5")
  CIRNIMBPL72X36X06 (Cirrus Coir 1 Nimbo Plus 72x36 6")
  CIRNIMBPL72X42X05 (Cirrus Coir 1 Nimbo Plus 72x42 5")
  CIRNIMBPL72X42X06 (Cirrus Coir 1 Nimbo Plus 72x42 6")
  CIRNIMBPL72X48X05 (Cirrus Coir 1 Nimbo Plus 72x48 5")
  CIRNIMBPL72X48X06 (Cirrus Coir 1 Nimbo Plus 72x48 6")
  CIRNIMBPL72X54X05 (Cirrus Coir 1 Nimbo Plus 72x54 5")
  CIRNIMBPL72X54X06 (Cirrus Coir 1 Nimbo Plus 72x54 6")
  CIRNIMBPL72X60X05 (Cirrus Coir 1 Nimbo Plus 72x60 5")
  CIRNIMBPL72X60X06 (Cirrus Coir 1 Nimbo Plus 72x60 6")
  CIRNIMBPL72X66X05 (Cirrus Coir 1 Nimbo Plus 72x66 5")
  CIRNIMBPL72X66X06 (Cirrus Coir 1 Nimbo Plus 72x66 6")
  CIRNIMBPL72X72X05 (Cirrus Coir 1 Nimbo Plus 72x72 5")
  CIRNIMBPL72X72X06 (Cirrus Coir 1 Nimbo Plus 72x72 6")
  CIRNIMBPL72X84X05 (Cirrus Coir 1 Nimbo Plus 72x84 5")
  CIRNIMBPL75X30X05 (Cirrus Coir 1 Nimbo Plus 75x30 5")
  CIRNIMBPL75X30X06 (Cirrus Coir 1 Nimbo Plus 75x30 6")
  CIRNIMBPL75X36X05 (Cirrus Coir 1 Nimbo Plus 75x36 5")
  CIRNIMBPL75X36X06 (Cirrus Coir 1 Nimbo Plus 75x36 6")
  CIRNIMBPL75X42X05 (Cirrus Coir 1 Nimbo Plus 75x42 5")
  CIRNIMBPL75X42X06 (Cirrus Coir 1 Nimbo Plus 75x42 6")
  CIRNIMBPL75X48X05 (Cirrus Coir 1 Nimbo Plus 75x48 5")
  CIRNIMBPL75X48X06 (Cirrus Coir 1 Nimbo Plus 75x48 6")
  CIRNIMBPL75X54X05 (Cirrus Coir 1 Nimbo Plus 75x54 5")
  CIRNIMBPL75X54X06 (Cirrus Coir 1 Nimbo Plus 75x54 6")
  CIRNIMBPL75X60X05 (Cirrus Coir 1 Nimbo Plus 75x60 5")
  CIRNIMBPL75X60X06 (Cirrus Coir 1 Nimbo Plus 75x60 6")
  CIRNIMBPL75X66X05 (Cirrus Coir 1 Nimbo Plus 75x66 5")
  CIRNIMBPL75X66X06 (Cirrus Coir 1 Nimbo Plus 75x66 6")
  CIRNIMBPL75X72X05 (Cirrus Coir 1 Nimbo Plus 75x72 5")
  CIRNIMBPL75X72X06 (Cirrus Coir 1 Nimbo Plus 75x72 6")
  CIRNIMBPL78X30X05 (Cirrus Coir 1 Nimbo Plus 78x30 5")
  CIRNIMBPL78X30X06 (Cirrus Coir 1 Nimbo Plus 78x30 6")
  CIRNIMBPL78X36X05 (Cirrus Coir 1 Nimbo Plus 78x36 5")
  CIRNIMBPL78X36X06 (Cirrus Coir 1 Nimbo Plus 78x36 6")
  CIRNIMBPL78X42X05 (Cirrus Coir 1 Nimbo Plus 78x42 5")
  CIRNIMBPL78X42X06 (Cirrus Coir 1 Nimbo Plus 78x42 6")
  CIRNIMBPL78X48X05 (Cirrus Coir 1 Nimbo Plus 78x48 5")
  CIRNIMBPL78X48X06 (Cirrus Coir 1 Nimbo Plus 78x48 6")
  CIRNIMBPL78X54X05 (Cirrus Coir 1 Nimbo Plus 78x54 5")
  CIRNIMBPL78X54X06 (Cirrus Coir 1 Nimbo Plus 78x54 6")
  CIRNIMBPL78X60X05 (Cirrus Coir 1 Nimbo Plus 78x60 5")
  CIRNIMBPL78X60X06 (Cirrus Coir 1 Nimbo Plus 78x60 6")
  CIRNIMBPL78X66X05 (Cirrus Coir 1 Nimbo Plus 78x66 5")
  CIRNIMBPL78X66X06 (Cirrus Coir 1 Nimbo Plus 78x66 6")
  CIRNIMBPL78X72X05 (Cirrus Coir 1 Nimbo Plus 78x72 5")
  CIRNIMBPL78X72X06 (Cirrus Coir 1 Nimbo Plus 78x72 6")
  CIRNIMBPLBL84X72X06 (Cirrus Coir 1 Nimbo Plus 84x72 6")
  CIRNIMBWH84X48X05 (Cirrus Coir 1 Nimbo 84x48 5")
